{"type": "SCHEMA", "stream": "events", "schema": {"type": "object", "additionalProperties": false, "properties": {"event.created_time": {"type": ["null", "string"], "format": "date-time"}, "event.id": {"type": ["null", "string"]}, "event.is_admin": {"type": ["null", "string"]}, "event.is_api_call": {"type": ["null", "string"]}, "event.name": {"type": ["null", "string"]}, "user.email": {"type": ["null", "string"]}, "user.id": {"type": ["null", "string"]}, "role.name": {"type": ["null", "string"]}}}, "key_properties": []}
{"type": "RECORD", "stream": "events", "record": {"event.created_time": "2023-01-01T00:00:00.000000Z", "event.id": "event_id_1", "event.name": "event_name_1", "user.email": "test@betterup.co", "user.id": "test1", "role.name": "test1"}}
{"type": "RECORD", "stream": "events", "record": {"event.created_time": "2023-01-01T00:00:00.000000Z", "event.id": "event_id_2", "event.name": "event_name_2", "user.email": "test@betterup.co", "user.id": "test2", "role.name": "test2"}}
{"type": "RECORD", "stream": "events", "record": {"event.created_time": "2023-01-01T00:00:00.000000Z", "event.id": "event_id_3", "event.name": "event_name_3", "user.email": "test@betterup.co", "user.id": "test3", "role.name": "test3"}}
