{"type": "SCHEMA", "stream": "logins", "schema": {"items": {"type": "object", "additionalProperties": false, "properties": {"id": {"type": ["null", "string"]}, "timestamp": {"type": ["null", "string"], "format": "date-time"}, "datacenter": {"type": ["null", "string"]}, "source": {"type": ["null", "string"]}, "descriptor": {"type": ["object"]}}}}, "key_properties": []}
{"type": "RECORD", "stream": "logins", "record": {"id": "test1", "timestamp": "test_timestamp1", "datacenter": "test_datacenter1", "source": "source1", "descriptor": {"brandId": "brandId1", "userId": "userId1", "agentUserId": "agentUserId1", "agentSessionId": "agentSessionId1", "sessionId": "sessionId1", "startDate": "startDate1", "endDate": "endDate1", "reason": "reason1", "inactivityTimeout": "inactivityTimeout1", "maximumLength": "maximumLength1"}}}
{"type": "RECORD", "stream": "logins", "record": {"id": "test2", "timestamp": "test_timestamp2", "datacenter": "test_datacenter2", "source": "source2", "descriptor": {"brandId": "brandId2", "userId": "userId2", "agentUserId": "agentUserId2", "agentSessionId": "agentSessionId2", "sessionId": "sessionId2", "startDate": "startDate2", "endDate": "endDate2", "reason": "reason2", "inactivityTimeout": "inactivityTimeout2", "maximumLength": "maximumLength2"}}}
{"type": "RECORD", "stream": "logins", "record": {"id": "test3", "timestamp": "test_timestamp3", "datacenter": "test_datacenter3", "source": "source3", "descriptor": {"brandId": "brandId3", "userId": "userId3", "agentUserId": "agentUserId3", "agentSessionId": "agentSessionId3", "sessionId": "sessionId3", "startDate": "startDate3", "endDate": "endDate3", "reason": "reason3", "inactivityTimeout": "inactivityTimeout3", "maximumLength": "maximumLength3"}}}
{"type": "SCHEMA", "stream": "session_creations", "schema": {"items": {"type": "object", "additionalProperties": false, "properties": {"id": {"type": ["null", "string"]}, "timestamp": {"type": ["null", "string"], "format": "date-time"}, "datacenter": {"type": ["null", "string"]}, "source": {"type": ["null", "string"]}, "descriptor": {"type": ["object"]}}}}, "key_properties": []}
{"type": "RECORD", "stream": "session_creations", "record": {"id": "test1", "timestamp": "test_timestamp1", "datacenter": "test_datacenter1", "source": "source1", "descriptor": {"brandId": "brandId1", "userId": "userId1", "agentUserId": "agentUserId1", "agentSessionId": "agentSessionId1", "sessionId": "sessionId1", "startDate": "startDate1", "endDate": "endDate1", "reason": "reason1", "inactivityTimeout": "inactivityTimeout1", "maximumLength": "maximumLength1"}}}
{"type": "RECORD", "stream": "session_creations", "record": {"id": "test2", "timestamp": "test_timestamp2", "datacenter": "test_datacenter2", "source": "source2", "descriptor": {"brandId": "brandId2", "userId": "userId2", "agentUserId": "agentUserId2", "agentSessionId": "agentSessionId2", "sessionId": "sessionId2", "startDate": "startDate2", "endDate": "endDate2", "reason": "reason2", "inactivityTimeout": "inactivityTimeout2", "maximumLength": "maximumLength2"}}}
{"type": "RECORD", "stream": "session_creations", "record": {"id": "test3", "timestamp": "test_timestamp3", "datacenter": "test_datacenter3", "source": "source3", "descriptor": {"brandId": "brandId3", "userId": "userId3", "agentUserId": "agentUserId3", "agentSessionId": "agentSessionId3", "sessionId": "sessionId3", "startDate": "startDate3", "endDate": "endDate3", "reason": "reason3", "inactivityTimeout": "inactivityTimeout3", "maximumLength": "maximumLength3"}}}
{"type": "SCHEMA", "stream": "session_terminations", "schema": {"items": {"type": "object", "additionalProperties": false, "properties": {"id": {"type": ["null", "string"]}, "timestamp": {"type": ["null", "string"], "format": "date-time"}, "datacenter": {"type": ["null", "string"]}, "source": {"type": ["null", "string"]}, "descriptor": {"type": ["object"]}}}}, "key_properties": []}
{"type": "RECORD", "stream": "session_terminations", "record": {"id": "test1", "timestamp": "test_timestamp1", "datacenter": "test_datacenter1", "source": "source1", "descriptor": {"brandId": "brandId1", "userId": "userId1", "agentUserId": "agentUserId1", "agentSessionId": "agentSessionId1", "sessionId": "sessionId1", "startDate": "startDate1", "endDate": "endDate1", "reason": "reason1", "inactivityTimeout": "inactivityTimeout1", "maximumLength": "maximumLength1"}}}
{"type": "RECORD", "stream": "session_terminations", "record": {"id": "test2", "timestamp": "test_timestamp2", "datacenter": "test_datacenter2", "source": "source2", "descriptor": {"brandId": "brandId2", "userId": "userId2", "agentUserId": "agentUserId2", "agentSessionId": "agentSessionId2", "sessionId": "sessionId2", "startDate": "startDate2", "endDate": "endDate2", "reason": "reason2", "inactivityTimeout": "inactivityTimeout2", "maximumLength": "maximumLength2"}}}
{"type": "RECORD", "stream": "session_terminations", "record": {"id": "test3", "timestamp": "test_timestamp3", "datacenter": "test_datacenter3", "source": "source3", "descriptor": {"brandId": "brandId3", "userId": "userId3", "agentUserId": "agentUserId3", "agentSessionId": "agentSessionId3", "sessionId": "sessionId3", "startDate": "startDate3", "endDate": "endDate3", "reason": "reason3", "inactivityTimeout": "inactivityTimeout3", "maximumLength": "maximumLength3"}}}
{"type": "SCHEMA", "stream": "password_changes", "schema": {"items": {"type": "object", "additionalProperties": false, "properties": {"id": {"type": ["null", "string"]}, "timestamp": {"type": ["null", "string"], "format": "date-time"}, "datacenter": {"type": ["null", "string"]}, "source": {"type": ["null", "string"]}, "descriptor": {"type": ["object"]}}}}, "key_properties": []}
{"type": "RECORD", "stream": "password_changes", "record": {"id": "test1", "timestamp": "test_timestamp1", "datacenter": "test_datacenter1", "source": "source1", "descriptor": {"brandId": "brandId1", "userId": "userId1", "agentUserId": "agentUserId1", "agentSessionId": "agentSessionId1", "sessionId": "sessionId1", "startDate": "startDate1", "endDate": "endDate1", "reason": "reason1", "inactivityTimeout": "inactivityTimeout1", "maximumLength": "maximumLength1"}}}
{"type": "RECORD", "stream": "password_changes", "record": {"id": "test2", "timestamp": "test_timestamp2", "datacenter": "test_datacenter2", "source": "source2", "descriptor": {"brandId": "brandId2", "userId": "userId2", "agentUserId": "agentUserId2", "agentSessionId": "agentSessionId2", "sessionId": "sessionId2", "startDate": "startDate2", "endDate": "endDate2", "reason": "reason2", "inactivityTimeout": "inactivityTimeout2", "maximumLength": "maximumLength2"}}}
{"type": "RECORD", "stream": "password_changes", "record": {"id": "test3", "timestamp": "test_timestamp3", "datacenter": "test_datacenter3", "source": "source3", "descriptor": {"brandId": "brandId3", "userId": "userId3", "agentUserId": "agentUserId3", "agentSessionId": "agentSessionId3", "sessionId": "sessionId3", "startDate": "startDate3", "endDate": "endDate3", "reason": "reason3", "inactivityTimeout": "inactivityTimeout3", "maximumLength": "maximumLength3"}}}
{"type": "SCHEMA", "stream": "password_resets", "schema": {"items": {"type": "object", "additionalProperties": false, "properties": {"id": {"type": ["null", "string"]}, "timestamp": {"type": ["null", "string"], "format": "date-time"}, "datacenter": {"type": ["null", "string"]}, "source": {"type": ["null", "string"]}, "descriptor": {"type": ["object"]}}}}, "key_properties": []}
{"type": "RECORD", "stream": "password_resets", "record": {"id": "test1", "timestamp": "test_timestamp1", "datacenter": "test_datacenter1", "source": "source1", "descriptor": {"brandId": "brandId1", "userId": "userId1", "agentUserId": "agentUserId1", "agentSessionId": "agentSessionId1", "sessionId": "sessionId1", "startDate": "startDate1", "endDate": "endDate1", "reason": "reason1", "inactivityTimeout": "inactivityTimeout1", "maximumLength": "maximumLength1"}}}
{"type": "RECORD", "stream": "password_resets", "record": {"id": "test2", "timestamp": "test_timestamp2", "datacenter": "test_datacenter2", "source": "source2", "descriptor": {"brandId": "brandId2", "userId": "userId2", "agentUserId": "agentUserId2", "agentSessionId": "agentSessionId2", "sessionId": "sessionId2", "startDate": "startDate2", "endDate": "endDate2", "reason": "reason2", "inactivityTimeout": "inactivityTimeout2", "maximumLength": "maximumLength2"}}}
{"type": "RECORD", "stream": "password_resets", "record": {"id": "test3", "timestamp": "test_timestamp3", "datacenter": "test_datacenter3", "source": "source3", "descriptor": {"brandId": "brandId3", "userId": "userId3", "agentUserId": "agentUserId3", "agentSessionId": "agentSessionId3", "sessionId": "sessionId3", "startDate": "startDate3", "endDate": "endDate3", "reason": "reason3", "inactivityTimeout": "inactivityTimeout3", "maximumLength": "maximumLength3"}}}
{"type": "SCHEMA", "stream": "users", "schema": {"items": {"type": "object", "additionalProperties": false, "properties": {"id": {"type": ["null", "string"]}, "timestamp": {"type": ["null", "string"], "format": "date-time"}, "datacenter": {"type": ["null", "string"]}, "source": {"type": ["null", "string"]}, "descriptor": {"type": ["object"]}}}}, "key_properties": []}
{"type": "RECORD", "stream": "users", "record": {"id": "test1", "timestamp": "test_timestamp1", "datacenter": "test_datacenter1", "source": "source1", "descriptor": {"brandId": "brandId1", "userId": "userId1", "agentUserId": "agentUserId1", "agentSessionId": "agentSessionId1", "sessionId": "sessionId1", "startDate": "startDate1", "endDate": "endDate1", "reason": "reason1", "inactivityTimeout": "inactivityTimeout1", "maximumLength": "maximumLength1"}}}
{"type": "RECORD", "stream": "users", "record": {"id": "test2", "timestamp": "test_timestamp2", "datacenter": "test_datacenter2", "source": "source2", "descriptor": {"brandId": "brandId2", "userId": "userId2", "agentUserId": "agentUserId2", "agentSessionId": "agentSessionId2", "sessionId": "sessionId2", "startDate": "startDate2", "endDate": "endDate2", "reason": "reason2", "inactivityTimeout": "inactivityTimeout2", "maximumLength": "maximumLength2"}}}
{"type": "RECORD", "stream": "users", "record": {"id": "test3", "timestamp": "test_timestamp3", "datacenter": "test_datacenter3", "source": "source3", "descriptor": {"brandId": "brandId3", "userId": "userId3", "agentUserId": "agentUserId3", "agentSessionId": "agentSessionId3", "sessionId": "sessionId3", "startDate": "startDate3", "endDate": "endDate3", "reason": "reason3", "inactivityTimeout": "inactivityTimeout3", "maximumLength": "maximumLength3"}}}
{"type": "SCHEMA", "stream": "brands", "schema": {"items": {"type": "object", "additionalProperties": false, "properties": {"id": {"type": ["null", "string"]}, "timestamp": {"type": ["null", "string"], "format": "date-time"}, "datacenter": {"type": ["null", "string"]}, "source": {"type": ["null", "string"]}, "descriptor": {"type": ["object"]}}}}, "key_properties": []}
{"type": "RECORD", "stream": "brands", "record": {"id": "test1", "timestamp": "test_timestamp1", "datacenter": "test_datacenter1", "source": "source1", "descriptor": {"brandId": "brandId1", "userId": "userId1", "agentUserId": "agentUserId1", "agentSessionId": "agentSessionId1", "sessionId": "sessionId1", "startDate": "startDate1", "endDate": "endDate1", "reason": "reason1", "inactivityTimeout": "inactivityTimeout1", "maximumLength": "maximumLength1"}}}
{"type": "RECORD", "stream": "brands", "record": {"id": "test2", "timestamp": "test_timestamp2", "datacenter": "test_datacenter2", "source": "source2", "descriptor": {"brandId": "brandId2", "userId": "userId2", "agentUserId": "agentUserId2", "agentSessionId": "agentSessionId2", "sessionId": "sessionId2", "startDate": "startDate2", "endDate": "endDate2", "reason": "reason2", "inactivityTimeout": "inactivityTimeout2", "maximumLength": "maximumLength2"}}}
{"type": "RECORD", "stream": "brands", "record": {"id": "test3", "timestamp": "test_timestamp3", "datacenter": "test_datacenter3", "source": "source3", "descriptor": {"brandId": "brandId3", "userId": "userId3", "agentUserId": "agentUserId3", "agentSessionId": "agentSessionId3", "sessionId": "sessionId3", "startDate": "startDate3", "endDate": "endDate3", "reason": "reason3", "inactivityTimeout": "inactivityTimeout3", "maximumLength": "maximumLength3"}}}
{"type": "SCHEMA", "stream": "role_membership_change", "schema": {"items": {"type": "object", "additionalProperties": false, "properties": {"id": {"type": ["null", "string"]}, "timestamp": {"type": ["null", "string"], "format": "date-time"}, "datacenter": {"type": ["null", "string"]}, "source": {"type": ["null", "string"]}, "descriptor": {"type": ["object"]}}}}, "key_properties": []}
{"type": "RECORD", "stream": "role_membership_change", "record": {"id": "test1", "timestamp": "test_timestamp1", "datacenter": "test_datacenter1", "source": "source1", "descriptor": {"brandId": "brandId1", "userId": "userId1", "agentUserId": "agentUserId1", "agentSessionId": "agentSessionId1", "sessionId": "sessionId1", "startDate": "startDate1", "endDate": "endDate1", "reason": "reason1", "inactivityTimeout": "inactivityTimeout1", "maximumLength": "maximumLength1"}}}
{"type": "RECORD", "stream": "role_membership_change", "record": {"id": "test2", "timestamp": "test_timestamp2", "datacenter": "test_datacenter2", "source": "source2", "descriptor": {"brandId": "brandId2", "userId": "userId2", "agentUserId": "agentUserId2", "agentSessionId": "agentSessionId2", "sessionId": "sessionId2", "startDate": "startDate2", "endDate": "endDate2", "reason": "reason2", "inactivityTimeout": "inactivityTimeout2", "maximumLength": "maximumLength2"}}}
{"type": "RECORD", "stream": "role_membership_change", "record": {"id": "test3", "timestamp": "test_timestamp3", "datacenter": "test_datacenter3", "source": "source3", "descriptor": {"brandId": "brandId3", "userId": "userId3", "agentUserId": "agentUserId3", "agentSessionId": "agentSessionId3", "sessionId": "sessionId3", "startDate": "startDate3", "endDate": "endDate3", "reason": "reason3", "inactivityTimeout": "inactivityTimeout3", "maximumLength": "maximumLength3"}}}
{"type": "SCHEMA", "stream": "role_permission_change", "schema": {"items": {"type": "object", "additionalProperties": false, "properties": {"id": {"type": ["null", "string"]}, "timestamp": {"type": ["null", "string"], "format": "date-time"}, "datacenter": {"type": ["null", "string"]}, "source": {"type": ["null", "string"]}, "descriptor": {"type": ["object"]}}}}, "key_properties": []}
{"type": "RECORD", "stream": "role_permission_change", "record": {"id": "test1", "timestamp": "test_timestamp1", "datacenter": "test_datacenter1", "source": "source1", "descriptor": {"brandId": "brandId1", "userId": "userId1", "agentUserId": "agentUserId1", "agentSessionId": "agentSessionId1", "sessionId": "sessionId1", "startDate": "startDate1", "endDate": "endDate1", "reason": "reason1", "inactivityTimeout": "inactivityTimeout1", "maximumLength": "maximumLength1"}}}
{"type": "RECORD", "stream": "role_permission_change", "record": {"id": "test2", "timestamp": "test_timestamp2", "datacenter": "test_datacenter2", "source": "source2", "descriptor": {"brandId": "brandId2", "userId": "userId2", "agentUserId": "agentUserId2", "agentSessionId": "agentSessionId2", "sessionId": "sessionId2", "startDate": "startDate2", "endDate": "endDate2", "reason": "reason2", "inactivityTimeout": "inactivityTimeout2", "maximumLength": "maximumLength2"}}}
{"type": "RECORD", "stream": "role_permission_change", "record": {"id": "test3", "timestamp": "test_timestamp3", "datacenter": "test_datacenter3", "source": "source3", "descriptor": {"brandId": "brandId3", "userId": "userId3", "agentUserId": "agentUserId3", "agentSessionId": "agentSessionId3", "sessionId": "sessionId3", "startDate": "startDate3", "endDate": "endDate3", "reason": "reason3", "inactivityTimeout": "inactivityTimeout3", "maximumLength": "maximumLength3"}}}
{"type": "SCHEMA", "stream": "user_permission_change", "schema": {"items": {"type": "object", "additionalProperties": false, "properties": {"id": {"type": ["null", "string"]}, "timestamp": {"type": ["null", "string"], "format": "date-time"}, "datacenter": {"type": ["null", "string"]}, "source": {"type": ["null", "string"]}, "descriptor": {"type": ["object"]}}}}, "key_properties": []}
{"type": "RECORD", "stream": "user_permission_change", "record": {"id": "test1", "timestamp": "test_timestamp1", "datacenter": "test_datacenter1", "source": "source1", "descriptor": {"brandId": "brandId1", "userId": "userId1", "agentUserId": "agentUserId1", "agentSessionId": "agentSessionId1", "sessionId": "sessionId1", "startDate": "startDate1", "endDate": "endDate1", "reason": "reason1", "inactivityTimeout": "inactivityTimeout1", "maximumLength": "maximumLength1"}}}
{"type": "RECORD", "stream": "user_permission_change", "record": {"id": "test2", "timestamp": "test_timestamp2", "datacenter": "test_datacenter2", "source": "source2", "descriptor": {"brandId": "brandId2", "userId": "userId2", "agentUserId": "agentUserId2", "agentSessionId": "agentSessionId2", "sessionId": "sessionId2", "startDate": "startDate2", "endDate": "endDate2", "reason": "reason2", "inactivityTimeout": "inactivityTimeout2", "maximumLength": "maximumLength2"}}}
{"type": "RECORD", "stream": "user_permission_change", "record": {"id": "test3", "timestamp": "test_timestamp3", "datacenter": "test_datacenter3", "source": "source3", "descriptor": {"brandId": "brandId3", "userId": "userId3", "agentUserId": "agentUserId3", "agentSessionId": "agentSessionId3", "sessionId": "sessionId3", "startDate": "startDate3", "endDate": "endDate3", "reason": "reason3", "inactivityTimeout": "inactivityTimeout3", "maximumLength": "maximumLength3"}}}
{"type": "SCHEMA", "stream": "contact_list", "schema": {"items": {"type": "object", "additionalProperties": false, "properties": {"id": {"type": ["null", "string"]}, "timestamp": {"type": ["null", "string"], "format": "date-time"}, "datacenter": {"type": ["null", "string"]}, "source": {"type": ["null", "string"]}, "descriptor": {"type": ["object"]}}}}, "key_properties": []}
{"type": "RECORD", "stream": "contact_list", "record": {"id": "test1", "timestamp": "test_timestamp1", "datacenter": "test_datacenter1", "source": "source1", "descriptor": {"brandId": "brandId1", "userId": "userId1", "agentUserId": "agentUserId1", "agentSessionId": "agentSessionId1", "sessionId": "sessionId1", "startDate": "startDate1", "endDate": "endDate1", "reason": "reason1", "inactivityTimeout": "inactivityTimeout1", "maximumLength": "maximumLength1"}}}
{"type": "RECORD", "stream": "contact_list", "record": {"id": "test2", "timestamp": "test_timestamp2", "datacenter": "test_datacenter2", "source": "source2", "descriptor": {"brandId": "brandId2", "userId": "userId2", "agentUserId": "agentUserId2", "agentSessionId": "agentSessionId2", "sessionId": "sessionId2", "startDate": "startDate2", "endDate": "endDate2", "reason": "reason2", "inactivityTimeout": "inactivityTimeout2", "maximumLength": "maximumLength2"}}}
{"type": "RECORD", "stream": "contact_list", "record": {"id": "test3", "timestamp": "test_timestamp3", "datacenter": "test_datacenter3", "source": "source3", "descriptor": {"brandId": "brandId3", "userId": "userId3", "agentUserId": "agentUserId3", "agentSessionId": "agentSessionId3", "sessionId": "sessionId3", "startDate": "startDate3", "endDate": "endDate3", "reason": "reason3", "inactivityTimeout": "inactivityTimeout3", "maximumLength": "maximumLength3"}}}
{"type": "SCHEMA", "stream": "contact", "schema": {"items": {"type": "object", "additionalProperties": false, "properties": {"id": {"type": ["null", "string"]}, "timestamp": {"type": ["null", "string"], "format": "date-time"}, "datacenter": {"type": ["null", "string"]}, "source": {"type": ["null", "string"]}, "descriptor": {"type": ["object"]}}}}, "key_properties": []}
{"type": "RECORD", "stream": "contact", "record": {"id": "test1", "timestamp": "test_timestamp1", "datacenter": "test_datacenter1", "source": "source1", "descriptor": {"brandId": "brandId1", "userId": "userId1", "agentUserId": "agentUserId1", "agentSessionId": "agentSessionId1", "sessionId": "sessionId1", "startDate": "startDate1", "endDate": "endDate1", "reason": "reason1", "inactivityTimeout": "inactivityTimeout1", "maximumLength": "maximumLength1"}}}
{"type": "RECORD", "stream": "contact", "record": {"id": "test2", "timestamp": "test_timestamp2", "datacenter": "test_datacenter2", "source": "source2", "descriptor": {"brandId": "brandId2", "userId": "userId2", "agentUserId": "agentUserId2", "agentSessionId": "agentSessionId2", "sessionId": "sessionId2", "startDate": "startDate2", "endDate": "endDate2", "reason": "reason2", "inactivityTimeout": "inactivityTimeout2", "maximumLength": "maximumLength2"}}}
{"type": "RECORD", "stream": "contact", "record": {"id": "test3", "timestamp": "test_timestamp3", "datacenter": "test_datacenter3", "source": "source3", "descriptor": {"brandId": "brandId3", "userId": "userId3", "agentUserId": "agentUserId3", "agentSessionId": "agentSessionId3", "sessionId": "sessionId3", "startDate": "startDate3", "endDate": "endDate3", "reason": "reason3", "inactivityTimeout": "inactivityTimeout3", "maximumLength": "maximumLength3"}}}
{"type": "SCHEMA", "stream": "directory", "schema": {"items": {"type": "object", "additionalProperties": false, "properties": {"id": {"type": ["null", "string"]}, "timestamp": {"type": ["null", "string"], "format": "date-time"}, "datacenter": {"type": ["null", "string"]}, "source": {"type": ["null", "string"]}, "descriptor": {"type": ["object"]}}}}, "key_properties": []}
{"type": "RECORD", "stream": "directory", "record": {"id": "test1", "timestamp": "test_timestamp1", "datacenter": "test_datacenter1", "source": "source1", "descriptor": {"brandId": "brandId1", "userId": "userId1", "agentUserId": "agentUserId1", "agentSessionId": "agentSessionId1", "sessionId": "sessionId1", "startDate": "startDate1", "endDate": "endDate1", "reason": "reason1", "inactivityTimeout": "inactivityTimeout1", "maximumLength": "maximumLength1"}}}
{"type": "RECORD", "stream": "directory", "record": {"id": "test2", "timestamp": "test_timestamp2", "datacenter": "test_datacenter2", "source": "source2", "descriptor": {"brandId": "brandId2", "userId": "userId2", "agentUserId": "agentUserId2", "agentSessionId": "agentSessionId2", "sessionId": "sessionId2", "startDate": "startDate2", "endDate": "endDate2", "reason": "reason2", "inactivityTimeout": "inactivityTimeout2", "maximumLength": "maximumLength2"}}}
{"type": "RECORD", "stream": "directory", "record": {"id": "test3", "timestamp": "test_timestamp3", "datacenter": "test_datacenter3", "source": "source3", "descriptor": {"brandId": "brandId3", "userId": "userId3", "agentUserId": "agentUserId3", "agentSessionId": "agentSessionId3", "sessionId": "sessionId3", "startDate": "startDate3", "endDate": "endDate3", "reason": "reason3", "inactivityTimeout": "inactivityTimeout3", "maximumLength": "maximumLength3"}}}
{"type": "SCHEMA", "stream": "directory_setting", "schema": {"items": {"type": "object", "additionalProperties": false, "properties": {"id": {"type": ["null", "string"]}, "timestamp": {"type": ["null", "string"], "format": "date-time"}, "datacenter": {"type": ["null", "string"]}, "source": {"type": ["null", "string"]}, "descriptor": {"type": ["object"]}}}}, "key_properties": []}
{"type": "RECORD", "stream": "directory_setting", "record": {"id": "test1", "timestamp": "test_timestamp1", "datacenter": "test_datacenter1", "source": "source1", "descriptor": {"brandId": "brandId1", "userId": "userId1", "agentUserId": "agentUserId1", "agentSessionId": "agentSessionId1", "sessionId": "sessionId1", "startDate": "startDate1", "endDate": "endDate1", "reason": "reason1", "inactivityTimeout": "inactivityTimeout1", "maximumLength": "maximumLength1"}}}
{"type": "RECORD", "stream": "directory_setting", "record": {"id": "test2", "timestamp": "test_timestamp2", "datacenter": "test_datacenter2", "source": "source2", "descriptor": {"brandId": "brandId2", "userId": "userId2", "agentUserId": "agentUserId2", "agentSessionId": "agentSessionId2", "sessionId": "sessionId2", "startDate": "startDate2", "endDate": "endDate2", "reason": "reason2", "inactivityTimeout": "inactivityTimeout2", "maximumLength": "maximumLength2"}}}
{"type": "RECORD", "stream": "directory_setting", "record": {"id": "test3", "timestamp": "test_timestamp3", "datacenter": "test_datacenter3", "source": "source3", "descriptor": {"brandId": "brandId3", "userId": "userId3", "agentUserId": "agentUserId3", "agentSessionId": "agentSessionId3", "sessionId": "sessionId3", "startDate": "startDate3", "endDate": "endDate3", "reason": "reason3", "inactivityTimeout": "inactivityTimeout3", "maximumLength": "maximumLength3"}}}
{"type": "SCHEMA", "stream": "dashboard_usage", "schema": {"items": {"type": "object", "additionalProperties": false, "properties": {"id": {"type": ["null", "string"]}, "timestamp": {"type": ["null", "string"], "format": "date-time"}, "datacenter": {"type": ["null", "string"]}, "source": {"type": ["null", "string"]}, "descriptor": {"type": ["object"]}}}}, "key_properties": []}
{"type": "RECORD", "stream": "dashboard_usage", "record": {"id": "test1", "timestamp": "test_timestamp1", "datacenter": "test_datacenter1", "source": "source1", "descriptor": {"brandId": "brandId1", "userId": "userId1", "agentUserId": "agentUserId1", "agentSessionId": "agentSessionId1", "sessionId": "sessionId1", "startDate": "startDate1", "endDate": "endDate1", "reason": "reason1", "inactivityTimeout": "inactivityTimeout1", "maximumLength": "maximumLength1"}}}
{"type": "RECORD", "stream": "dashboard_usage", "record": {"id": "test2", "timestamp": "test_timestamp2", "datacenter": "test_datacenter2", "source": "source2", "descriptor": {"brandId": "brandId2", "userId": "userId2", "agentUserId": "agentUserId2", "agentSessionId": "agentSessionId2", "sessionId": "sessionId2", "startDate": "startDate2", "endDate": "endDate2", "reason": "reason2", "inactivityTimeout": "inactivityTimeout2", "maximumLength": "maximumLength2"}}}
{"type": "RECORD", "stream": "dashboard_usage", "record": {"id": "test3", "timestamp": "test_timestamp3", "datacenter": "test_datacenter3", "source": "source3", "descriptor": {"brandId": "brandId3", "userId": "userId3", "agentUserId": "agentUserId3", "agentSessionId": "agentSessionId3", "sessionId": "sessionId3", "startDate": "startDate3", "endDate": "endDate3", "reason": "reason3", "inactivityTimeout": "inactivityTimeout3", "maximumLength": "maximumLength3"}}}
